2025-12-28 08:02:51.556 [info] Reading sessions from keychain...
2025-12-28 08:02:51.556 [info] Getting sessions for all scopes...
2025-12-28 08:02:51.556 [info] Got 0 sessions for ...
2025-12-28 08:02:51.556 [info] Getting sessions for all scopes...
2025-12-28 08:02:51.556 [info] Got 0 sessions for ...
2025-12-28 08:02:51.561 [info] Getting sessions for all scopes...
2025-12-28 08:02:51.561 [info] Got 0 sessions for ...
2025-12-28 08:02:51.561 [info] Getting sessions for all scopes...
2025-12-28 08:02:51.561 [info] Got 0 sessions for ...
2025-12-28 08:02:51.561 [info] Getting sessions for all scopes...
2025-12-28 08:02:51.561 [info] Got 0 sessions for ...
2025-12-28 08:02:51.561 [info] Getting sessions for all scopes...
2025-12-28 08:02:51.561 [info] Got 0 sessions for ...
2025-12-28 08:02:51.561 [info] Getting sessions for all scopes...
2025-12-28 08:02:51.561 [info] Got 0 sessions for ...
2025-12-28 08:02:51.566 [info] Getting sessions for all scopes...
2025-12-28 08:02:51.566 [info] Got 0 sessions for ...
2025-12-28 08:02:51.567 [info] Getting sessions for all scopes...
2025-12-28 08:02:51.567 [info] Got 0 sessions for ...
2025-12-28 08:02:51.567 [info] Getting sessions for all scopes...
2025-12-28 08:02:51.567 [info] Got 0 sessions for ...
2025-12-28 08:02:51.567 [info] Getting sessions for all scopes...
2025-12-28 08:02:51.567 [info] Got 0 sessions for ...
2025-12-28 08:02:51.567 [info] Getting sessions for all scopes...
2025-12-28 08:02:51.567 [info] Got 0 sessions for ...
2025-12-28 08:02:51.567 [info] Getting sessions for all scopes...
2025-12-28 08:02:51.567 [info] Got 0 sessions for ...
2025-12-28 08:02:51.584 [info] Getting sessions for all scopes...
2025-12-28 08:02:51.584 [info] Got 0 sessions for ...
2025-12-28 08:02:51.625 [info] Getting sessions for all scopes...
2025-12-28 08:02:51.625 [info] Got 0 sessions for ...
2025-12-28 08:02:53.583 [info] Getting sessions for all scopes...
2025-12-28 08:02:53.583 [info] Got 0 sessions for ...
2025-12-28 08:02:54.192 [info] Getting sessions for read:user,repo,user:email,workflow...
2025-12-28 08:02:54.192 [info] Got 0 sessions for read:user,repo,user:email,workflow...
2025-12-28 08:03:13.600 [info] Getting sessions for user:email...
2025-12-28 08:03:13.600 [info] Got 0 sessions for user:email...
