2025-12-28 08:02:54.124 [info] [main] Log level: Info
2025-12-28 08:02:54.124 [info] [main] Validating found git in: "git"
2025-12-28 08:02:54.124 [info] [main] Using git "2.43.0" from "git"
2025-12-28 08:02:54.124 [info] [Model][doInitialScan] Initial repository scan started
2025-12-28 08:02:54.124 [info] > git rev-parse --show-toplevel [4ms]
2025-12-28 08:02:54.125 [info] > git rev-parse --git-dir --git-common-dir --show-superproject-working-tree [2ms]
2025-12-28 08:02:54.132 [info] [Model][openRepository] Opened repository (path): /opt/RISCV/riscv-isa-sim
2025-12-28 08:02:54.132 [info] [Model][openRepository] Opened repository (real path): /opt/RISCV/riscv-isa-sim
2025-12-28 08:02:54.132 [info] [Model][openRepository] Opened repository (kind): repository
2025-12-28 08:02:54.141 [info] > git config --get commit.template [4ms]
2025-12-28 08:02:54.142 [info] > git for-each-ref --format=%(refname)%00%(upstream:short)%00%(objectname)%00%(upstream:track)%00%(upstream:remotename)%00%(upstream:remoteref) refs/heads/master refs/remotes/master [1ms]
2025-12-28 08:02:54.144 [warning] [Git][revParse] Unable to read file: ENOENT: no such file or directory, open '/opt/RISCV/riscv-isa-sim/.git/refs/remotes/origin/master'
2025-12-28 08:02:54.146 [info] > git rev-parse refs/remotes/origin/master [2ms]
2025-12-28 08:02:54.156 [info] > git for-each-ref --sort -committerdate --format %(refname)%00%(objectname)%00%(*objectname) [4ms]
2025-12-28 08:02:54.157 [info] > git rev-parse --show-toplevel [1ms]
2025-12-28 08:02:54.160 [info] > git rev-parse --show-toplevel [1ms]
2025-12-28 08:02:54.164 [info] > git status -z -uall [15ms]
2025-12-28 08:02:54.181 [info] > git for-each-ref --format=%(refname)%00%(upstream:short)%00%(objectname)%00%(upstream:track)%00%(upstream:remotename)%00%(upstream:remoteref) refs/heads/master refs/remotes/master [5ms]
2025-12-28 08:02:54.185 [info] > git rev-parse --show-toplevel [22ms]
2025-12-28 08:02:54.189 [info] > git config --get --local branch.master.vscode-merge-base [5ms]
2025-12-28 08:02:54.189 [warning] [Git][config] git config failed: Failed to execute git
2025-12-28 08:02:54.192 [info] > git config --get commit.template [10ms]
2025-12-28 08:02:54.192 [info] > git rev-parse --show-toplevel [3ms]
2025-12-28 08:02:54.198 [info] > git for-each-ref --format=%(refname)%00%(upstream:short)%00%(objectname)%00%(upstream:track)%00%(upstream:remotename)%00%(upstream:remoteref) refs/heads/master refs/remotes/master [3ms]
2025-12-28 08:02:54.198 [info] > git reflog master --grep-reflog=branch: Created from *. [7ms]
2025-12-28 08:02:54.203 [warning] [Git][revParse] Unable to read file: ENOENT: no such file or directory, open '/opt/RISCV/riscv-isa-sim/.git/refs/remotes/origin/master'
2025-12-28 08:02:54.203 [info] > git rev-parse --show-toplevel [6ms]
2025-12-28 08:02:54.205 [info] > git symbolic-ref --short refs/remotes/origin/HEAD [5ms]
2025-12-28 08:02:54.207 [info] > git rev-parse --show-toplevel [2ms]
2025-12-28 08:02:54.207 [info] > git rev-parse refs/remotes/origin/master [5ms]
2025-12-28 08:02:54.214 [info] > git for-each-ref --format=%(refname)%00%(upstream:short)%00%(objectname)%00%(upstream:track)%00%(upstream:remotename)%00%(upstream:remoteref) refs/heads/origin/master refs/remotes/origin/master [7ms]
2025-12-28 08:02:54.216 [info] > git rev-parse --show-toplevel [2ms]
2025-12-28 08:02:54.216 [info] > git for-each-ref --sort -committerdate --format %(refname)%00%(objectname)%00%(*objectname) [5ms]
2025-12-28 08:02:54.219 [info] > git config --add --local branch.master.vscode-merge-base origin/master [3ms]
2025-12-28 08:02:54.222 [info] > git status -z -uall [13ms] (cancelled)
2025-12-28 08:02:54.223 [info] > git rev-parse --show-toplevel [4ms]
2025-12-28 08:02:54.225 [info] > git config --get commit.template [3ms]
2025-12-28 08:02:54.227 [info] > git rev-parse --show-toplevel [2ms]
2025-12-28 08:02:54.238 [info] > git rev-parse --show-toplevel [8ms]
2025-12-28 08:02:54.238 [info] > git for-each-ref --format=%(refname)%00%(upstream:short)%00%(objectname)%00%(upstream:track)%00%(upstream:remotename)%00%(upstream:remoteref) refs/heads/master refs/remotes/master [11ms]
2025-12-28 08:02:54.246 [warning] [Git][revParse] Unable to read file: ENOENT: no such file or directory, open '/opt/RISCV/riscv-isa-sim/.git/refs/remotes/origin/master'
2025-12-28 08:02:54.247 [info] > git rev-parse --show-toplevel [6ms]
2025-12-28 08:02:54.250 [info] > git rev-parse refs/remotes/origin/master [4ms]
2025-12-28 08:02:54.256 [info] > git rev-parse --show-toplevel [6ms]
2025-12-28 08:02:54.259 [info] > git for-each-ref --sort -committerdate --format %(refname)%00%(objectname)%00%(*objectname) [4ms]
2025-12-28 08:02:54.259 [info] > git rev-parse --show-toplevel [1ms]
2025-12-28 08:02:54.267 [info] > git status -z -uall [14ms]
2025-12-28 08:02:54.275 [info] > git rev-parse --show-toplevel [13ms]
2025-12-28 08:02:54.275 [info] > git merge-base refs/heads/master refs/remotes/origin/master [3ms]
2025-12-28 08:02:54.282 [info] > git merge-base refs/heads/master refs/remotes/origin/master [7ms]
2025-12-28 08:02:54.284 [info] > git rev-parse --show-toplevel [2ms]
2025-12-28 08:02:54.284 [info] > git diff --name-status -z --diff-filter=ADMR --find-renames=50% f0cc3879048c2cd3ea5190c189537ce9025b6930...refs/remotes/origin/master -- [6ms]
2025-12-28 08:02:54.287 [info] > git diff --name-status -z --diff-filter=ADMR --find-renames=50% f0cc3879048c2cd3ea5190c189537ce9025b6930...refs/remotes/origin/master -- [3ms]
2025-12-28 08:02:54.287 [info] > git rev-parse --show-toplevel [0ms]
2025-12-28 08:02:54.290 [info] > git rev-parse --show-toplevel [1ms]
2025-12-28 08:02:54.293 [info] > git rev-parse --show-toplevel [1ms]
2025-12-28 08:02:54.295 [info] > git rev-parse --show-toplevel [0ms]
2025-12-28 08:02:54.298 [info] > git rev-parse --show-toplevel [0ms]
2025-12-28 08:02:54.301 [info] > git rev-parse --show-toplevel [1ms]
2025-12-28 08:02:54.303 [info] > git rev-parse --show-toplevel [1ms]
2025-12-28 08:02:54.305 [info] > git rev-parse --show-toplevel [1ms]
2025-12-28 08:02:54.307 [info] > git rev-parse --show-toplevel [0ms]
2025-12-28 08:02:54.309 [info] > git rev-parse --show-toplevel [0ms]
2025-12-28 08:02:54.312 [info] > git rev-parse --show-toplevel [1ms]
2025-12-28 08:02:54.314 [info] > git rev-parse --show-toplevel [0ms]
2025-12-28 08:02:54.317 [info] > git rev-parse --show-toplevel [1ms]
2025-12-28 08:02:54.319 [info] > git rev-parse --show-toplevel [0ms]
2025-12-28 08:02:54.322 [info] > git rev-parse --show-toplevel [1ms]
2025-12-28 08:02:54.325 [info] > git rev-parse --show-toplevel [1ms]
2025-12-28 08:02:54.326 [info] [Model][doInitialScan] Initial repository scan completed - repositories (1), closed repositories (0), parent repositories (0), unsafe repositories (0)
2025-12-28 08:02:54.650 [info] > git check-ignore -v -z --stdin [1ms]
2025-12-28 08:02:56.477 [info] > git config --get commit.template [3ms]
2025-12-28 08:02:56.477 [info] > git for-each-ref --format=%(refname)%00%(upstream:short)%00%(objectname)%00%(upstream:track)%00%(upstream:remotename)%00%(upstream:remoteref) refs/heads/master refs/remotes/master [1ms]
2025-12-28 08:02:56.479 [warning] [Git][revParse] Unable to read file: ENOENT: no such file or directory, open '/opt/RISCV/riscv-isa-sim/.git/refs/remotes/origin/master'
2025-12-28 08:02:56.480 [info] > git rev-parse refs/remotes/origin/master [1ms]
2025-12-28 08:02:56.486 [info] > git for-each-ref --sort -committerdate --format %(refname)%00%(objectname)%00%(*objectname) [1ms]
2025-12-28 08:02:56.493 [info] > git status -z -uall [11ms]
2025-12-28 08:02:59.883 [info] > git check-ignore -v -z --stdin [1ms]
2025-12-28 08:03:01.503 [info] > git config --get commit.template [3ms]
2025-12-28 08:03:01.503 [info] > git for-each-ref --format=%(refname)%00%(upstream:short)%00%(objectname)%00%(upstream:track)%00%(upstream:remotename)%00%(upstream:remoteref) refs/heads/master refs/remotes/master [1ms]
2025-12-28 08:03:01.506 [warning] [Git][revParse] Unable to read file: ENOENT: no such file or directory, open '/opt/RISCV/riscv-isa-sim/.git/refs/remotes/origin/master'
2025-12-28 08:03:01.506 [info] > git rev-parse refs/remotes/origin/master [0ms]
2025-12-28 08:03:01.511 [info] > git for-each-ref --sort -committerdate --format %(refname)%00%(objectname)%00%(*objectname) [1ms]
2025-12-28 08:03:01.526 [info] > git status -z -uall [18ms]
2025-12-28 08:03:02.427 [info] > git check-ignore -v -z --stdin [2ms]
2025-12-28 08:03:06.534 [info] > git config --get commit.template [0ms]
2025-12-28 08:03:06.538 [info] > git for-each-ref --format=%(refname)%00%(upstream:short)%00%(objectname)%00%(upstream:track)%00%(upstream:remotename)%00%(upstream:remoteref) refs/heads/master refs/remotes/master [1ms]
2025-12-28 08:03:06.540 [warning] [Git][revParse] Unable to read file: ENOENT: no such file or directory, open '/opt/RISCV/riscv-isa-sim/.git/refs/remotes/origin/master'
2025-12-28 08:03:06.541 [info] > git rev-parse refs/remotes/origin/master [1ms]
2025-12-28 08:03:06.546 [info] > git for-each-ref --sort -committerdate --format %(refname)%00%(objectname)%00%(*objectname) [1ms]
2025-12-28 08:03:06.557 [info] > git status -z -uall [14ms]
2025-12-28 08:03:11.566 [info] > git config --get commit.template [2ms]
2025-12-28 08:03:11.567 [info] > git for-each-ref --format=%(refname)%00%(upstream:short)%00%(objectname)%00%(upstream:track)%00%(upstream:remotename)%00%(upstream:remoteref) refs/heads/master refs/remotes/master [1ms]
2025-12-28 08:03:11.569 [warning] [Git][revParse] Unable to read file: ENOENT: no such file or directory, open '/opt/RISCV/riscv-isa-sim/.git/refs/remotes/origin/master'
2025-12-28 08:03:11.570 [info] > git rev-parse refs/remotes/origin/master [1ms]
2025-12-28 08:03:11.574 [info] > git for-each-ref --sort -committerdate --format %(refname)%00%(objectname)%00%(*objectname) [1ms]
2025-12-28 08:03:11.586 [info] > git status -z -uall [15ms]
2025-12-28 08:03:16.594 [info] > git config --get commit.template [1ms]
2025-12-28 08:03:16.597 [info] > git for-each-ref --format=%(refname)%00%(upstream:short)%00%(objectname)%00%(upstream:track)%00%(upstream:remotename)%00%(upstream:remoteref) refs/heads/master refs/remotes/master [1ms]
2025-12-28 08:03:16.599 [warning] [Git][revParse] Unable to read file: ENOENT: no such file or directory, open '/opt/RISCV/riscv-isa-sim/.git/refs/remotes/origin/master'
2025-12-28 08:03:16.600 [info] > git rev-parse refs/remotes/origin/master [1ms]
2025-12-28 08:03:16.607 [info] > git for-each-ref --sort -committerdate --format %(refname)%00%(objectname)%00%(*objectname) [2ms]
2025-12-28 08:03:16.618 [info] > git status -z -uall [16ms]
2025-12-28 08:03:21.627 [info] > git config --get commit.template [3ms]
2025-12-28 08:03:21.627 [info] > git for-each-ref --format=%(refname)%00%(upstream:short)%00%(objectname)%00%(upstream:track)%00%(upstream:remotename)%00%(upstream:remoteref) refs/heads/master refs/remotes/master [0ms]
2025-12-28 08:03:21.630 [warning] [Git][revParse] Unable to read file: ENOENT: no such file or directory, open '/opt/RISCV/riscv-isa-sim/.git/refs/remotes/origin/master'
2025-12-28 08:03:21.630 [info] > git rev-parse refs/remotes/origin/master [0ms]
2025-12-28 08:03:21.636 [info] > git for-each-ref --sort -committerdate --format %(refname)%00%(objectname)%00%(*objectname) [1ms]
2025-12-28 08:03:21.645 [info] > git status -z -uall [12ms]
2025-12-28 08:03:26.656 [info] > git config --get commit.template [4ms]
2025-12-28 08:03:26.656 [info] > git for-each-ref --format=%(refname)%00%(upstream:short)%00%(objectname)%00%(upstream:track)%00%(upstream:remotename)%00%(upstream:remoteref) refs/heads/master refs/remotes/master [1ms]
2025-12-28 08:03:26.659 [warning] [Git][revParse] Unable to read file: ENOENT: no such file or directory, open '/opt/RISCV/riscv-isa-sim/.git/refs/remotes/origin/master'
2025-12-28 08:03:26.660 [info] > git rev-parse refs/remotes/origin/master [1ms]
2025-12-28 08:03:26.665 [info] > git for-each-ref --sort -committerdate --format %(refname)%00%(objectname)%00%(*objectname) [1ms]
2025-12-28 08:03:26.675 [info] > git status -z -uall [13ms]
2025-12-28 08:03:31.685 [info] > git config --get commit.template [3ms]
2025-12-28 08:03:31.685 [info] > git for-each-ref --format=%(refname)%00%(upstream:short)%00%(objectname)%00%(upstream:track)%00%(upstream:remotename)%00%(upstream:remoteref) refs/heads/master refs/remotes/master [0ms]
2025-12-28 08:03:31.696 [warning] [Git][revParse] Unable to read file: ENOENT: no such file or directory, open '/opt/RISCV/riscv-isa-sim/.git/refs/remotes/origin/master'
2025-12-28 08:03:31.696 [info] > git rev-parse refs/remotes/origin/master [0ms]
2025-12-28 08:03:31.702 [info] > git for-each-ref --sort -committerdate --format %(refname)%00%(objectname)%00%(*objectname) [1ms]
2025-12-28 08:03:31.710 [info] > git status -z -uall [11ms]
2025-12-28 08:03:36.720 [info] > git config --get commit.template [2ms]
2025-12-28 08:03:36.721 [info] > git for-each-ref --format=%(refname)%00%(upstream:short)%00%(objectname)%00%(upstream:track)%00%(upstream:remotename)%00%(upstream:remoteref) refs/heads/master refs/remotes/master [1ms]
2025-12-28 08:03:36.724 [warning] [Git][revParse] Unable to read file: ENOENT: no such file or directory, open '/opt/RISCV/riscv-isa-sim/.git/refs/remotes/origin/master'
2025-12-28 08:03:36.724 [info] > git rev-parse refs/remotes/origin/master [0ms]
2025-12-28 08:03:36.730 [info] > git for-each-ref --sort -committerdate --format %(refname)%00%(objectname)%00%(*objectname) [1ms]
2025-12-28 08:03:36.740 [info] > git status -z -uall [13ms]
2025-12-28 08:03:41.751 [info] > git config --get commit.template [4ms]
2025-12-28 08:03:41.751 [info] > git for-each-ref --format=%(refname)%00%(upstream:short)%00%(objectname)%00%(upstream:track)%00%(upstream:remotename)%00%(upstream:remoteref) refs/heads/master refs/remotes/master [0ms]
2025-12-28 08:03:41.754 [warning] [Git][revParse] Unable to read file: ENOENT: no such file or directory, open '/opt/RISCV/riscv-isa-sim/.git/refs/remotes/origin/master'
2025-12-28 08:03:41.755 [info] > git rev-parse refs/remotes/origin/master [1ms]
2025-12-28 08:03:41.761 [info] > git for-each-ref --sort -committerdate --format %(refname)%00%(objectname)%00%(*objectname) [1ms]
2025-12-28 08:03:41.775 [info] > git status -z -uall [18ms]
